---
source: crates/arteziac/tests/resolve.rs
expression: "check(\"func f() {\\n let x = x\\n let y = x\\n}\")"
---
def 0: Func `f` @ 5..6
def 1: Local `x` @ 16..17
def 2: Local `y` @ 27..28
use `x` (node 2) -> def 1
--- parse diagnostics: 0
--- resolve diagnostics ---
Error @ 20..21: cannot find `x` in this scope
